15-Sep-2026 13:47:12.212 INFO [main] org.apache.catalina.startup.VersionLoggerListener.log Server version name:   Apache Tomcat/10.1.59
15-Sep-2026 13:47:12.215 INFO [main] org.apache.catalina.startup.VersionLoggerListener.log Server built:          Aug 13 2026 16:59:10 UTC
15-Sep-2026 13:47:12.215 INFO [main] org.apache.catalina.startup.VersionLoggerListener.log Server version number: 10.1.59.0
15-Sep-2026 13:47:12.215 INFO [main] org.apache.catalina.startup.VersionLoggerListener.log OS Name:               Windows 11
15-Sep-2026 13:47:12.216 INFO [main] org.apache.catalina.startup.VersionLoggerListener.log OS Version:            10.0
15-Sep-2026 13:47:12.216 INFO [main] org.apache.catalina.startup.VersionLoggerListener.log Architecture:          amd64
15-Sep-2026 13:47:12.216 INFO [main] org.apache.catalina.startup.VersionLoggerListener.log Java Home:             C:\Program Files\Java\jdk-26.0.2.1
15-Sep-2026 13:47:12.216 INFO [main] org.apache.catalina.startup.VersionLoggerListener.log JVM Version:           26.0.2.1+1-7
15-Sep-2026 13:47:12.217 INFO [main] org.apache.catalina.startup.VersionLoggerListener.log JVM Vendor:            Oracle Corporation
15-Sep-2026 13:47:12.217 INFO [main] org.apache.catalina.startup.VersionLoggerListener.log CATALINA_BASE:         C:\Users\dsunkari\OneDrive - Microsoft\Desktop\Tomcat
15-Sep-2026 13:47:12.218 INFO [main] org.apache.catalina.startup.VersionLoggerListener.log CATALINA_HOME:         C:\Users\dsunkari\OneDrive - Microsoft\Desktop\Tomcat
15-Sep-2026 13:47:12.257 INFO [main] org.apache.catalina.startup.VersionLoggerListener.log Command line argument: -Djava.util.logging.config.file=C:\Users\dsunkari\OneDrive - Microsoft\Desktop\Tomcat\conf\logging.properties
15-Sep-2026 13:47:12.257 INFO [main] org.apache.catalina.startup.VersionLoggerListener.log Command line argument: -Djava.util.logging.manager=org.apache.juli.ClassLoaderLogManager
15-Sep-2026 13:47:12.257 INFO [main] org.apache.catalina.startup.VersionLoggerListener.log Command line argument: -Djdk.tls.ephemeralDHKeySize=2048
15-Sep-2026 13:47:12.257 INFO [main] org.apache.catalina.startup.VersionLoggerListener.log Command line argument: -Djava.protocol.handler.pkgs=org.apache.catalina.webresources
15-Sep-2026 13:47:12.258 INFO [main] org.apache.catalina.startup.VersionLoggerListener.log Command line argument: -Dsun.io.useCanonCaches=false
15-Sep-2026 13:47:12.258 INFO [main] org.apache.catalina.startup.VersionLoggerListener.log Command line argument: --add-opens=java.base/java.lang=ALL-UNNAMED
15-Sep-2026 13:47:12.258 INFO [main] org.apache.catalina.startup.VersionLoggerListener.log Command line argument: --add-opens=java.base/java.lang.reflect=ALL-UNNAMED
15-Sep-2026 13:47:12.258 INFO [main] org.apache.catalina.startup.VersionLoggerListener.log Command line argument: --add-opens=java.base/java.io=ALL-UNNAMED
15-Sep-2026 13:47:12.259 INFO [main] org.apache.catalina.startup.VersionLoggerListener.log Command line argument: --add-opens=java.base/java.util=ALL-UNNAMED
15-Sep-2026 13:47:12.259 INFO [main] org.apache.catalina.startup.VersionLoggerListener.log Command line argument: --add-opens=java.base/java.util.concurrent=ALL-UNNAMED
15-Sep-2026 13:47:12.259 INFO [main] org.apache.catalina.startup.VersionLoggerListener.log Command line argument: --add-opens=java.rmi/sun.rmi.transport=ALL-UNNAMED
15-Sep-2026 13:47:12.259 INFO [main] org.apache.catalina.startup.VersionLoggerListener.log Command line argument: -Dcatalina.base=C:\Users\dsunkari\OneDrive - Microsoft\Desktop\Tomcat
15-Sep-2026 13:47:12.260 INFO [main] org.apache.catalina.startup.VersionLoggerListener.log Command line argument: -Dcatalina.home=C:\Users\dsunkari\OneDrive - Microsoft\Desktop\Tomcat
15-Sep-2026 13:47:12.260 INFO [main] org.apache.catalina.startup.VersionLoggerListener.log Command line argument: -Djava.io.tmpdir=C:\Users\dsunkari\OneDrive - Microsoft\Desktop\Tomcat\temp
15-Sep-2026 13:47:12.317 INFO [main] org.apache.catalina.core.AprLifecycleListener.lifecycleEvent Loaded Apache Tomcat Native library [2.0.15] using APR version [1.7.6].
15-Sep-2026 13:47:12.326 INFO [main] org.apache.catalina.core.AprLifecycleListener.initializeSSL OpenSSL successfully initialized [OpenSSL 3.5.7 9 Jun 2026]
15-Sep-2026 13:47:12.598 INFO [main] org.apache.coyote.AbstractProtocol.init Initializing ProtocolHandler ["http-nio-8080"]
15-Sep-2026 13:47:12.623 INFO [main] org.apache.catalina.startup.Catalina.load Server initialization in [595] milliseconds
15-Sep-2026 13:47:12.664 INFO [main] org.apache.catalina.core.StandardService.startInternal Starting service [Catalina]
15-Sep-2026 13:47:12.665 INFO [main] org.apache.catalina.core.StandardEngine.startInternal Starting Servlet engine: [Apache Tomcat/10.1.59]
15-Sep-2026 13:47:12.679 INFO [main] org.apache.catalina.startup.HostConfig.deployDirectory Deploying web application directory [C:\Users\dsunkari\OneDrive - Microsoft\Desktop\Tomcat\webapps\docs]
15-Sep-2026 13:47:13.028 INFO [main] org.apache.catalina.startup.HostConfig.deployDirectory Deployment of web application directory [C:\Users\dsunkari\OneDrive - Microsoft\Desktop\Tomcat\webapps\docs] has finished in [345] ms
15-Sep-2026 13:47:13.028 INFO [main] org.apache.catalina.startup.HostConfig.deployDirectory Deploying web application directory [C:\Users\dsunkari\OneDrive - Microsoft\Desktop\Tomcat\webapps\examples]
15-Sep-2026 13:47:13.545 INFO [main] org.apache.catalina.startup.HostConfig.deployDirectory Deployment of web application directory [C:\Users\dsunkari\OneDrive - Microsoft\Desktop\Tomcat\webapps\examples] has finished in [517] ms
15-Sep-2026 13:47:13.545 INFO [main] org.apache.catalina.startup.HostConfig.deployDirectory Deploying web application directory [C:\Users\dsunkari\OneDrive - Microsoft\Desktop\Tomcat\webapps\host-manager]
15-Sep-2026 13:47:13.593 INFO [main] org.apache.catalina.startup.HostConfig.deployDirectory Deployment of web application directory [C:\Users\dsunkari\OneDrive - Microsoft\Desktop\Tomcat\webapps\host-manager] has finished in [48] ms
15-Sep-2026 13:47:13.594 INFO [main] org.apache.catalina.startup.HostConfig.deployDirectory Deploying web application directory [C:\Users\dsunkari\OneDrive - Microsoft\Desktop\Tomcat\webapps\manager]
15-Sep-2026 13:47:13.640 INFO [main] org.apache.catalina.startup.HostConfig.deployDirectory Deployment of web application directory [C:\Users\dsunkari\OneDrive - Microsoft\Desktop\Tomcat\webapps\manager] has finished in [46] ms
15-Sep-2026 13:47:13.640 INFO [main] org.apache.catalina.startup.HostConfig.deployDirectory Deploying web application directory [C:\Users\dsunkari\OneDrive - Microsoft\Desktop\Tomcat\webapps\ROOT]
15-Sep-2026 13:47:13.675 INFO [main] org.apache.catalina.startup.HostConfig.deployDirectory Deployment of web application directory [C:\Users\dsunkari\OneDrive - Microsoft\Desktop\Tomcat\webapps\ROOT] has finished in [34] ms
15-Sep-2026 13:47:13.676 INFO [main] org.apache.catalina.startup.HostConfig.deployDirectory Deploying web application directory [C:\Users\dsunkari\OneDrive - Microsoft\Desktop\Tomcat\webapps\webapp]
15-Sep-2026 13:47:13.726 INFO [main] org.apache.catalina.startup.HostConfig.deployDirectory Deployment of web application directory [C:\Users\dsunkari\OneDrive - Microsoft\Desktop\Tomcat\webapps\webapp] has finished in [49] ms
15-Sep-2026 13:47:13.730 INFO [main] org.apache.coyote.AbstractProtocol.start Starting ProtocolHandler ["http-nio-8080"]
15-Sep-2026 13:47:13.761 INFO [main] org.apache.catalina.startup.Catalina.start Server startup in [1135] milliseconds
15-Sep-2026 14:43:51.220 INFO [main] org.apache.catalina.startup.VersionLoggerListener.log Server version name:   Apache Tomcat/10.1.59
15-Sep-2026 14:43:51.223 INFO [main] org.apache.catalina.startup.VersionLoggerListener.log Server built:          Aug 13 2026 16:59:10 UTC
15-Sep-2026 14:43:51.224 INFO [main] org.apache.catalina.startup.VersionLoggerListener.log Server version number: 10.1.59.0
15-Sep-2026 14:43:51.224 INFO [main] org.apache.catalina.startup.VersionLoggerListener.log OS Name:               Windows 11
15-Sep-2026 14:43:51.224 INFO [main] org.apache.catalina.startup.VersionLoggerListener.log OS Version:            10.0
15-Sep-2026 14:43:51.224 INFO [main] org.apache.catalina.startup.VersionLoggerListener.log Architecture:          amd64
15-Sep-2026 14:43:51.224 INFO [main] org.apache.catalina.startup.VersionLoggerListener.log Java Home:             C:\Program Files\Java\jdk-26.0.2.1
15-Sep-2026 14:43:51.225 INFO [main] org.apache.catalina.startup.VersionLoggerListener.log JVM Version:           26.0.2.1+1-7
15-Sep-2026 14:43:51.225 INFO [main] org.apache.catalina.startup.VersionLoggerListener.log JVM Vendor:            Oracle Corporation
15-Sep-2026 14:43:51.225 INFO [main] org.apache.catalina.startup.VersionLoggerListener.log CATALINA_BASE:         C:\Tomcat
15-Sep-2026 14:43:51.226 INFO [main] org.apache.catalina.startup.VersionLoggerListener.log CATALINA_HOME:         C:\Tomcat
15-Sep-2026 14:43:51.238 INFO [main] org.apache.catalina.startup.VersionLoggerListener.log Command line argument: -Djava.util.logging.config.file=C:\Tomcat\conf\logging.properties
15-Sep-2026 14:43:51.238 INFO [main] org.apache.catalina.startup.VersionLoggerListener.log Command line argument: -Djava.util.logging.manager=org.apache.juli.ClassLoaderLogManager
15-Sep-2026 14:43:51.238 INFO [main] org.apache.catalina.startup.VersionLoggerListener.log Command line argument: -Djdk.tls.ephemeralDHKeySize=2048
15-Sep-2026 14:43:51.238 INFO [main] org.apache.catalina.startup.VersionLoggerListener.log Command line argument: -Djava.protocol.handler.pkgs=org.apache.catalina.webresources
15-Sep-2026 14:43:51.239 INFO [main] org.apache.catalina.startup.VersionLoggerListener.log Command line argument: -Dsun.io.useCanonCaches=false
15-Sep-2026 14:43:51.239 INFO [main] org.apache.catalina.startup.VersionLoggerListener.log Command line argument: --add-opens=java.base/java.lang=ALL-UNNAMED
15-Sep-2026 14:43:51.239 INFO [main] org.apache.catalina.startup.VersionLoggerListener.log Command line argument: --add-opens=java.base/java.lang.reflect=ALL-UNNAMED
15-Sep-2026 14:43:51.239 INFO [main] org.apache.catalina.startup.VersionLoggerListener.log Command line argument: --add-opens=java.base/java.io=ALL-UNNAMED
15-Sep-2026 14:43:51.240 INFO [main] org.apache.catalina.startup.VersionLoggerListener.log Command line argument: --add-opens=java.base/java.util=ALL-UNNAMED
15-Sep-2026 14:43:51.240 INFO [main] org.apache.catalina.startup.VersionLoggerListener.log Command line argument: --add-opens=java.base/java.util.concurrent=ALL-UNNAMED
15-Sep-2026 14:43:51.241 INFO [main] org.apache.catalina.startup.VersionLoggerListener.log Command line argument: --add-opens=java.rmi/sun.rmi.transport=ALL-UNNAMED
15-Sep-2026 14:43:51.241 INFO [main] org.apache.catalina.startup.VersionLoggerListener.log Command line argument: -Dcatalina.base=C:\Tomcat
15-Sep-2026 14:43:51.241 INFO [main] org.apache.catalina.startup.VersionLoggerListener.log Command line argument: -Dcatalina.home=C:\Tomcat
15-Sep-2026 14:43:51.242 INFO [main] org.apache.catalina.startup.VersionLoggerListener.log Command line argument: -Djava.io.tmpdir=C:\Tomcat\temp
15-Sep-2026 14:43:51.297 INFO [main] org.apache.catalina.core.AprLifecycleListener.lifecycleEvent Loaded Apache Tomcat Native library [2.0.15] using APR version [1.7.6].
15-Sep-2026 14:43:51.309 INFO [main] org.apache.catalina.core.AprLifecycleListener.initializeSSL OpenSSL successfully initialized [OpenSSL 3.5.7 9 Jun 2026]
15-Sep-2026 14:43:51.562 INFO [main] org.apache.coyote.AbstractProtocol.init Initializing ProtocolHandler ["http-nio-8080"]
15-Sep-2026 14:43:51.584 INFO [main] org.apache.catalina.startup.Catalina.load Server initialization in [540] milliseconds
15-Sep-2026 14:43:51.626 INFO [main] org.apache.catalina.core.StandardService.startInternal Starting service [Catalina]
15-Sep-2026 14:43:51.627 INFO [main] org.apache.catalina.core.StandardEngine.startInternal Starting Servlet engine: [Apache Tomcat/10.1.59]
15-Sep-2026 14:43:51.694 INFO [main] org.apache.catalina.startup.HostConfig.deployWAR Deploying web application archive [C:\Tomcat\webapps\webapp.war]
15-Sep-2026 14:43:51.999 INFO [main] org.apache.catalina.startup.HostConfig.deployWAR Deployment of web application archive [C:\Tomcat\webapps\webapp.war] has finished in [302] ms
15-Sep-2026 14:43:51.999 INFO [main] org.apache.catalina.startup.HostConfig.deployDirectory Deploying web application directory [C:\Tomcat\webapps\docs]
15-Sep-2026 14:43:52.036 INFO [main] org.apache.catalina.startup.HostConfig.deployDirectory Deployment of web application directory [C:\Tomcat\webapps\docs] has finished in [37] ms
15-Sep-2026 14:43:52.037 INFO [main] org.apache.catalina.startup.HostConfig.deployDirectory Deploying web application directory [C:\Tomcat\webapps\examples]
15-Sep-2026 14:43:52.445 INFO [main] org.apache.catalina.startup.HostConfig.deployDirectory Deployment of web application directory [C:\Tomcat\webapps\examples] has finished in [408] ms
15-Sep-2026 14:43:52.445 INFO [main] org.apache.catalina.startup.HostConfig.deployDirectory Deploying web application directory [C:\Tomcat\webapps\host-manager]
15-Sep-2026 14:43:52.486 INFO [main] org.apache.catalina.startup.HostConfig.deployDirectory Deployment of web application directory [C:\Tomcat\webapps\host-manager] has finished in [41] ms
15-Sep-2026 14:43:52.486 INFO [main] org.apache.catalina.startup.HostConfig.deployDirectory Deploying web application directory [C:\Tomcat\webapps\manager]
15-Sep-2026 14:43:52.522 INFO [main] org.apache.catalina.startup.HostConfig.deployDirectory Deployment of web application directory [C:\Tomcat\webapps\manager] has finished in [36] ms
15-Sep-2026 14:43:52.523 INFO [main] org.apache.catalina.startup.HostConfig.deployDirectory Deploying web application directory [C:\Tomcat\webapps\ROOT]
15-Sep-2026 14:43:52.567 INFO [main] org.apache.catalina.startup.HostConfig.deployDirectory Deployment of web application directory [C:\Tomcat\webapps\ROOT] has finished in [43] ms
15-Sep-2026 14:43:52.573 INFO [main] org.apache.coyote.AbstractProtocol.start Starting ProtocolHandler ["http-nio-8080"]
15-Sep-2026 14:43:52.606 INFO [main] org.apache.catalina.startup.Catalina.start Server startup in [1018] milliseconds
